Analysis & Synthesis report for ULA
Sat Sep 27 05:09:28 2025
Quartus Prime Version 24.1std.0 Build 1077 03/04/2025 SC Lite Edition


---------------------
; Table of Contents ;
---------------------
  1. Legal Notice
  2. Analysis & Synthesis Summary
  3. Analysis & Synthesis Settings
  4. Parallel Compilation
  5. Analysis & Synthesis Source Files Read
  6. Analysis & Synthesis Resource Usage Summary
  7. Analysis & Synthesis Resource Utilization by Entity
  8. General Register Statistics
  9. Port Connectivity Checks: "flagERRO:fe"
 10. Port Connectivity Checks: "multiplexador_8bits:mux_principal|multiplexador_1bit:mux7"
 11. Port Connectivity Checks: "multiplexador_8bits:mux_principal|multiplexador_1bit:mux6"
 12. Port Connectivity Checks: "multiplexador_8bits:mux_principal|multiplexador_1bit:mux5"
 13. Port Connectivity Checks: "multiplexador_8bits:mux_principal|multiplexador_1bit:mux4"
 14. Port Connectivity Checks: "divisor:div|subtrator_4bits:sub3"
 15. Port Connectivity Checks: "divisor:div|mux_4bits_divisor:mux2"
 16. Port Connectivity Checks: "divisor:div|subtrator_4bits:sub2"
 17. Port Connectivity Checks: "divisor:div|mux_4bits_divisor:mux1"
 18. Port Connectivity Checks: "divisor:div|subtrator_4bits:sub1"
 19. Port Connectivity Checks: "divisor:div|mux_4bits_divisor:mux_inicio"
 20. Port Connectivity Checks: "divisor:div|subtrator_4bits:sub0"
 21. Port Connectivity Checks: "divisor:div"
 22. Port Connectivity Checks: "multiplicador_4bits:mult|somador_1bit:S6a"
 23. Port Connectivity Checks: "multiplicador_4bits:mult|somador_1bit:S4b"
 24. Port Connectivity Checks: "multiplicador_4bits:mult|somador_1bit:S3c"
 25. Port Connectivity Checks: "multiplicador_4bits:mult|somador_1bit:S3b"
 26. Port Connectivity Checks: "multiplicador_4bits:mult|somador_1bit:S2b"
 27. Port Connectivity Checks: "multiplicador_4bits:mult|somador_1bit:S1"
 28. Post-Synthesis Netlist Statistics for Top Partition
 29. Elapsed Time Per Partition
 30. Analysis & Synthesis Messages
 31. Analysis & Synthesis Suppressed Messages



----------------
; Legal Notice ;
----------------
Copyright (C) 2025  Altera Corporation. All rights reserved.
Your use of Altera Corporation's design tools, logic functions 
and other software and tools, and any partner logic 
functions, and any output files from any of the foregoing 
(including device programming or simulation files), and any 
associated documentation or information are expressly subject 
to the terms and conditions of the Altera Program License 
Subscription Agreement, the Altera Quartus Prime License Agreement,
the Altera IP License Agreement, or other applicable license
agreement, including, without limitation, that your use is for
the sole purpose of programming logic devices manufactured by
Altera and sold by Altera or its authorized distributors.  Please
refer to the Altera Software License Subscription Agreements 
on the Quartus Prime software download page.



+--------------------------------------------------------------------------------------+
; Analysis & Synthesis Summary                                                         ;
+------------------------------------+-------------------------------------------------+
; Analysis & Synthesis Status        ; Successful - Sat Sep 27 05:09:28 2025           ;
; Quartus Prime Version              ; 24.1std.0 Build 1077 03/04/2025 SC Lite Edition ;
; Revision Name                      ; ULA                                             ;
; Top-level Entity Name              ; Ula_simplificada                                ;
; Family                             ; MAX 10                                          ;
; Total logic elements               ; 239                                             ;
;     Total combinational functions  ; 239                                             ;
;     Dedicated logic registers      ; 0                                               ;
; Total registers                    ; 0                                               ;
; Total pins                         ; 36                                              ;
; Total virtual pins                 ; 0                                               ;
; Total memory bits                  ; 0                                               ;
; Embedded Multiplier 9-bit elements ; 0                                               ;
; Total PLLs                         ; 0                                               ;
; UFM blocks                         ; 0                                               ;
; ADC blocks                         ; 0                                               ;
+------------------------------------+-------------------------------------------------+


+------------------------------------------------------------------------------------------------------------+
; Analysis & Synthesis Settings                                                                              ;
+------------------------------------------------------------------+--------------------+--------------------+
; Option                                                           ; Setting            ; Default Value      ;
+------------------------------------------------------------------+--------------------+--------------------+
; Device                                                           ; 10M50DAF484C7G     ;                    ;
; Top-level entity name                                            ; Ula_simplificada   ; ULA                ;
; Family name                                                      ; MAX 10             ; Cyclone V          ;
; Use smart compilation                                            ; Off                ; Off                ;
; Enable parallel Assembler and Timing Analyzer during compilation ; On                 ; On                 ;
; Enable compact report table                                      ; Off                ; Off                ;
; Restructure Multiplexers                                         ; Auto               ; Auto               ;
; Create Debugging Nodes for IP Cores                              ; Off                ; Off                ;
; Preserve fewer node names                                        ; On                 ; On                 ;
; Intel FPGA IP Evaluation Mode                                    ; Enable             ; Enable             ;
; Verilog Version                                                  ; Verilog_2001       ; Verilog_2001       ;
; VHDL Version                                                     ; VHDL_1993          ; VHDL_1993          ;
; State Machine Processing                                         ; Auto               ; Auto               ;
; Safe State Machine                                               ; Off                ; Off                ;
; Extract Verilog State Machines                                   ; On                 ; On                 ;
; Extract VHDL State Machines                                      ; On                 ; On                 ;
; Ignore Verilog initial constructs                                ; Off                ; Off                ;
; Iteration limit for constant Verilog loops                       ; 5000               ; 5000               ;
; Iteration limit for non-constant Verilog loops                   ; 250                ; 250                ;
; Add Pass-Through Logic to Inferred RAMs                          ; On                 ; On                 ;
; Infer RAMs from Raw Logic                                        ; On                 ; On                 ;
; Parallel Synthesis                                               ; On                 ; On                 ;
; DSP Block Balancing                                              ; Auto               ; Auto               ;
; NOT Gate Push-Back                                               ; On                 ; On                 ;
; Power-Up Don't Care                                              ; On                 ; On                 ;
; Remove Redundant Logic Cells                                     ; Off                ; Off                ;
; Remove Duplicate Registers                                       ; On                 ; On                 ;
; Ignore CARRY Buffers                                             ; Off                ; Off                ;
; Ignore CASCADE Buffers                                           ; Off                ; Off                ;
; Ignore GLOBAL Buffers                                            ; Off                ; Off                ;
; Ignore ROW GLOBAL Buffers                                        ; Off                ; Off                ;
; Ignore LCELL Buffers                                             ; Off                ; Off                ;
; Ignore SOFT Buffers                                              ; On                 ; On                 ;
; Limit AHDL Integers to 32 Bits                                   ; Off                ; Off                ;
; Optimization Technique                                           ; Balanced           ; Balanced           ;
; Carry Chain Length                                               ; 70                 ; 70                 ;
; Auto Carry Chains                                                ; On                 ; On                 ;
; Auto Open-Drain Pins                                             ; On                 ; On                 ;
; Perform WYSIWYG Primitive Resynthesis                            ; Off                ; Off                ;
; Auto ROM Replacement                                             ; On                 ; On                 ;
; Auto RAM Replacement                                             ; On                 ; On                 ;
; Auto DSP Block Replacement                                       ; On                 ; On                 ;
; Auto Shift Register Replacement                                  ; Auto               ; Auto               ;
; Allow Shift Register Merging across Hierarchies                  ; Auto               ; Auto               ;
; Auto Clock Enable Replacement                                    ; On                 ; On                 ;
; Strict RAM Replacement                                           ; Off                ; Off                ;
; Allow Synchronous Control Signals                                ; On                 ; On                 ;
; Force Use of Synchronous Clear Signals                           ; Off                ; Off                ;
; Auto RAM Block Balancing                                         ; On                 ; On                 ;
; Auto RAM to Logic Cell Conversion                                ; Off                ; Off                ;
; Auto Resource Sharing                                            ; Off                ; Off                ;
; Allow Any RAM Size For Recognition                               ; Off                ; Off                ;
; Allow Any ROM Size For Recognition                               ; Off                ; Off                ;
; Allow Any Shift Register Size For Recognition                    ; Off                ; Off                ;
; Use LogicLock Constraints during Resource Balancing              ; On                 ; On                 ;
; Ignore translate_off and synthesis_off directives                ; Off                ; Off                ;
; Timing-Driven Synthesis                                          ; On                 ; On                 ;
; Report Parameter Settings                                        ; On                 ; On                 ;
; Report Source Assignments                                        ; On                 ; On                 ;
; Report Connectivity Checks                                       ; On                 ; On                 ;
; Ignore Maximum Fan-Out Assignments                               ; Off                ; Off                ;
; Synchronization Register Chain Length                            ; 2                  ; 2                  ;
; Power Optimization During Synthesis                              ; Normal compilation ; Normal compilation ;
; HDL message level                                                ; Level2             ; Level2             ;
; Suppress Register Optimization Related Messages                  ; Off                ; Off                ;
; Number of Removed Registers Reported in Synthesis Report         ; 5000               ; 5000               ;
; Number of Swept Nodes Reported in Synthesis Report               ; 5000               ; 5000               ;
; Number of Inverted Registers Reported in Synthesis Report        ; 100                ; 100                ;
; Clock MUX Protection                                             ; On                 ; On                 ;
; Auto Gated Clock Conversion                                      ; Off                ; Off                ;
; Block Design Naming                                              ; Auto               ; Auto               ;
; SDC constraint protection                                        ; Off                ; Off                ;
; Synthesis Effort                                                 ; Auto               ; Auto               ;
; Shift Register Replacement - Allow Asynchronous Clear Signal     ; On                 ; On                 ;
; Pre-Mapping Resynthesis Optimization                             ; Off                ; Off                ;
; Analysis & Synthesis Message Level                               ; Medium             ; Medium             ;
; Disable Register Merging Across Hierarchies                      ; Auto               ; Auto               ;
; Resource Aware Inference For Block RAM                           ; On                 ; On                 ;
+------------------------------------------------------------------+--------------------+--------------------+


+------------------------------------------+
; Parallel Compilation                     ;
+----------------------------+-------------+
; Processors                 ; Number      ;
+----------------------------+-------------+
; Number detected on machine ; 12          ;
; Maximum allowed            ; 12          ;
;                            ;             ;
; Average used               ; 1.00        ;
; Maximum used               ; 1           ;
;                            ;             ;
; Usage by Processor         ; % Time Used ;
;     Processor 1            ; 100.0%      ;
+----------------------------+-------------+


+--------------------------------------------------------------------------------------------------------------------------------------------------+
; Analysis & Synthesis Source Files Read                                                                                                           ;
+----------------------------------+-----------------+------------------------+----------------------------------------------------------+---------+
; File Name with User-Entered Path ; Used in Netlist ; File Type              ; File Name with Absolute Path                             ; Library ;
+----------------------------------+-----------------+------------------------+----------------------------------------------------------+---------+
; somador_1bit.v                   ; yes             ; User Verilog HDL File  ; C:/Users/lucas/Downloads/ULA PBL/somador_1bit.v          ;         ;
; somador_4bits.v                  ; yes             ; User Verilog HDL File  ; C:/Users/lucas/Downloads/ULA PBL/somador_4bits.v         ;         ;
; subtrator_1bit.v                 ; yes             ; User Verilog HDL File  ; C:/Users/lucas/Downloads/ULA PBL/subtrator_1bit.v        ;         ;
; subtrator_4bits.v                ; yes             ; User Verilog HDL File  ; C:/Users/lucas/Downloads/ULA PBL/subtrator_4bits.v       ;         ;
; PortaAnd.v                       ; yes             ; User Verilog HDL File  ; C:/Users/lucas/Downloads/ULA PBL/PortaAnd.v              ;         ;
; AND_4bits.v                      ; yes             ; User Verilog HDL File  ; C:/Users/lucas/Downloads/ULA PBL/AND_4bits.v             ;         ;
; PortaOR.v                        ; yes             ; User Verilog HDL File  ; C:/Users/lucas/Downloads/ULA PBL/PortaOR.v               ;         ;
; OR_4bits.v                       ; yes             ; User Verilog HDL File  ; C:/Users/lucas/Downloads/ULA PBL/OR_4bits.v              ;         ;
; PortaXOR.v                       ; yes             ; User Verilog HDL File  ; C:/Users/lucas/Downloads/ULA PBL/PortaXOR.v              ;         ;
; XOR_4bits.v                      ; yes             ; User Verilog HDL File  ; C:/Users/lucas/Downloads/ULA PBL/XOR_4bits.v             ;         ;
; multiplicador_4bits.v            ; yes             ; User Verilog HDL File  ; C:/Users/lucas/Downloads/ULA PBL/multiplicador_4bits.v   ;         ;
; multiplexador_1bit.v             ; yes             ; User Verilog HDL File  ; C:/Users/lucas/Downloads/ULA PBL/multiplexador_1bit.v    ;         ;
; multiplexador_8bits.v            ; yes             ; User Verilog HDL File  ; C:/Users/lucas/Downloads/ULA PBL/multiplexador_8bits.v   ;         ;
; decodificador_display.v          ; yes             ; User Verilog HDL File  ; C:/Users/lucas/Downloads/ULA PBL/decodificador_display.v ;         ;
; mux_4bits_divisor.v              ; yes             ; User Verilog HDL File  ; C:/Users/lucas/Downloads/ULA PBL/mux_4bits_divisor.v     ;         ;
; divisor.v                        ; yes             ; User Verilog HDL File  ; C:/Users/lucas/Downloads/ULA PBL/divisor.v               ;         ;
; Ula_simplificada.v               ; yes             ; User Verilog HDL File  ; C:/Users/lucas/Downloads/ULA PBL/Ula_simplificada.v      ;         ;
; flagzero.v                       ; yes             ; User Verilog HDL File  ; C:/Users/lucas/Downloads/ULA PBL/flagzero.v              ;         ;
; flagERRO.v                       ; yes             ; User Verilog HDL File  ; C:/Users/lucas/Downloads/ULA PBL/flagERRO.v              ;         ;
; muxflag.v                        ; yes             ; User Verilog HDL File  ; C:/Users/lucas/Downloads/ULA PBL/muxflag.v               ;         ;
; flagoverflow.v                   ; yes             ; User Verilog HDL File  ; C:/Users/lucas/Downloads/ULA PBL/flagoverflow.v          ;         ;
+----------------------------------+-----------------+------------------------+----------------------------------------------------------+---------+


+---------------------------------------------------------------------------------------------------------------+
; Analysis & Synthesis Resource Usage Summary                                                                   ;
+---------------------------------------------+-----------------------------------------------------------------+
; Resource                                    ; Usage                                                           ;
+---------------------------------------------+-----------------------------------------------------------------+
; Estimated Total logic elements              ; 239                                                             ;
;                                             ;                                                                 ;
; Total combinational functions               ; 239                                                             ;
; Logic element usage by number of LUT inputs ;                                                                 ;
;     -- 4 input functions                    ; 173                                                             ;
;     -- 3 input functions                    ; 40                                                              ;
;     -- <=2 input functions                  ; 26                                                              ;
;                                             ;                                                                 ;
; Logic elements by mode                      ;                                                                 ;
;     -- normal mode                          ; 239                                                             ;
;     -- arithmetic mode                      ; 0                                                               ;
;                                             ;                                                                 ;
; Total registers                             ; 0                                                               ;
;     -- Dedicated logic registers            ; 0                                                               ;
;     -- I/O registers                        ; 0                                                               ;
;                                             ;                                                                 ;
; I/O pins                                    ; 36                                                              ;
;                                             ;                                                                 ;
; Embedded Multiplier 9-bit elements          ; 0                                                               ;
;                                             ;                                                                 ;
; Maximum fan-out node                        ; multiplexador_8bits:mux_principal|multiplexador_1bit:mux2|Or0~3 ;
; Maximum fan-out                             ; 48                                                              ;
; Total fan-out                               ; 924                                                             ;
; Average fan-out                             ; 2.97                                                            ;
+---------------------------------------------+-----------------------------------------------------------------+


+-------------------------------------------------------------------------------------------------------------------------------------------------------------------------------------------------------------------------------------------------------------------------------------------------------------------+
; Analysis & Synthesis Resource Utilization by Entity                                                                                                                                                                                                                                                               ;
+----------------------------------------+---------------------+---------------------------+-------------+------------+--------------+---------+-----------+------+--------------+------------+------------------------------------------------------------------------------+-----------------------+--------------+
; Compilation Hierarchy Node             ; Combinational ALUTs ; Dedicated Logic Registers ; Memory Bits ; UFM Blocks ; DSP Elements ; DSP 9x9 ; DSP 18x18 ; Pins ; Virtual Pins ; ADC blocks ; Full Hierarchy Name                                                          ; Entity Name           ; Library Name ;
+----------------------------------------+---------------------+---------------------------+-------------+------------+--------------+---------+-----------+------+--------------+------------+------------------------------------------------------------------------------+-----------------------+--------------+
; |Ula_simplificada                      ; 239 (0)             ; 0 (0)                     ; 0           ; 0          ; 0            ; 0       ; 0         ; 36   ; 0            ; 0          ; |Ula_simplificada                                                            ; Ula_simplificada      ; work         ;
;    |AND_4bits:porta_and|               ; 1 (0)               ; 0 (0)                     ; 0           ; 0          ; 0            ; 0       ; 0         ; 0    ; 0            ; 0          ; |Ula_simplificada|AND_4bits:porta_and                                        ; AND_4bits             ; work         ;
;       |PortaAnd:And2|                  ; 1 (1)               ; 0 (0)                     ; 0           ; 0          ; 0            ; 0       ; 0         ; 0    ; 0            ; 0          ; |Ula_simplificada|AND_4bits:porta_and|PortaAnd:And2                          ; PortaAnd              ; work         ;
;    |XOR_4bits:porta_xor|               ; 2 (0)               ; 0 (0)                     ; 0           ; 0          ; 0            ; 0       ; 0         ; 0    ; 0            ; 0          ; |Ula_simplificada|XOR_4bits:porta_xor                                        ; XOR_4bits             ; work         ;
;       |PortaXOR:Xor3|                  ; 1 (1)               ; 0 (0)                     ; 0           ; 0          ; 0            ; 0       ; 0         ; 0    ; 0            ; 0          ; |Ula_simplificada|XOR_4bits:porta_xor|PortaXOR:Xor3                          ; PortaXOR              ; work         ;
;       |PortaXOR:Xor4|                  ; 1 (1)               ; 0 (0)                     ; 0           ; 0          ; 0            ; 0       ; 0         ; 0    ; 0            ; 0          ; |Ula_simplificada|XOR_4bits:porta_xor|PortaXOR:Xor4                          ; PortaXOR              ; work         ;
;    |decodificador_display:display|     ; 127 (127)           ; 0 (0)                     ; 0           ; 0          ; 0            ; 0       ; 0         ; 0    ; 0            ; 0          ; |Ula_simplificada|decodificador_display:display                              ; decodificador_display ; work         ;
;    |divisor:div|                       ; 18 (0)              ; 0 (0)                     ; 0           ; 0          ; 0            ; 0       ; 0         ; 0    ; 0            ; 0          ; |Ula_simplificada|divisor:div                                                ; divisor               ; work         ;
;       |mux_4bits_divisor:mux1|         ; 3 (3)               ; 0 (0)                     ; 0           ; 0          ; 0            ; 0       ; 0         ; 0    ; 0            ; 0          ; |Ula_simplificada|divisor:div|mux_4bits_divisor:mux1                         ; mux_4bits_divisor     ; work         ;
;       |mux_4bits_divisor:mux2|         ; 1 (1)               ; 0 (0)                     ; 0           ; 0          ; 0            ; 0       ; 0         ; 0    ; 0            ; 0          ; |Ula_simplificada|divisor:div|mux_4bits_divisor:mux2                         ; mux_4bits_divisor     ; work         ;
;       |subtrator_4bits:sub0|           ; 2 (0)               ; 0 (0)                     ; 0           ; 0          ; 0            ; 0       ; 0         ; 0    ; 0            ; 0          ; |Ula_simplificada|divisor:div|subtrator_4bits:sub0                           ; subtrator_4bits       ; work         ;
;          |subtrator_1bit:subtrator4|   ; 2 (2)               ; 0 (0)                     ; 0           ; 0          ; 0            ; 0       ; 0         ; 0    ; 0            ; 0          ; |Ula_simplificada|divisor:div|subtrator_4bits:sub0|subtrator_1bit:subtrator4 ; subtrator_1bit        ; work         ;
;       |subtrator_4bits:sub1|           ; 2 (0)               ; 0 (0)                     ; 0           ; 0          ; 0            ; 0       ; 0         ; 0    ; 0            ; 0          ; |Ula_simplificada|divisor:div|subtrator_4bits:sub1                           ; subtrator_4bits       ; work         ;
;          |subtrator_1bit:subtrator4|   ; 2 (2)               ; 0 (0)                     ; 0           ; 0          ; 0            ; 0       ; 0         ; 0    ; 0            ; 0          ; |Ula_simplificada|divisor:div|subtrator_4bits:sub1|subtrator_1bit:subtrator4 ; subtrator_1bit        ; work         ;
;       |subtrator_4bits:sub2|           ; 4 (0)               ; 0 (0)                     ; 0           ; 0          ; 0            ; 0       ; 0         ; 0    ; 0            ; 0          ; |Ula_simplificada|divisor:div|subtrator_4bits:sub2                           ; subtrator_4bits       ; work         ;
;          |subtrator_1bit:subtrator1|   ; 1 (1)               ; 0 (0)                     ; 0           ; 0          ; 0            ; 0       ; 0         ; 0    ; 0            ; 0          ; |Ula_simplificada|divisor:div|subtrator_4bits:sub2|subtrator_1bit:subtrator1 ; subtrator_1bit        ; work         ;
;          |subtrator_1bit:subtrator2|   ; 1 (1)               ; 0 (0)                     ; 0           ; 0          ; 0            ; 0       ; 0         ; 0    ; 0            ; 0          ; |Ula_simplificada|divisor:div|subtrator_4bits:sub2|subtrator_1bit:subtrator2 ; subtrator_1bit        ; work         ;
;          |subtrator_1bit:subtrator4|   ; 2 (2)               ; 0 (0)                     ; 0           ; 0          ; 0            ; 0       ; 0         ; 0    ; 0            ; 0          ; |Ula_simplificada|divisor:div|subtrator_4bits:sub2|subtrator_1bit:subtrator4 ; subtrator_1bit        ; work         ;
;       |subtrator_4bits:sub3|           ; 6 (0)               ; 0 (0)                     ; 0           ; 0          ; 0            ; 0       ; 0         ; 0    ; 0            ; 0          ; |Ula_simplificada|divisor:div|subtrator_4bits:sub3                           ; subtrator_4bits       ; work         ;
;          |subtrator_1bit:subtrator3|   ; 2 (2)               ; 0 (0)                     ; 0           ; 0          ; 0            ; 0       ; 0         ; 0    ; 0            ; 0          ; |Ula_simplificada|divisor:div|subtrator_4bits:sub3|subtrator_1bit:subtrator3 ; subtrator_1bit        ; work         ;
;          |subtrator_1bit:subtrator4|   ; 4 (4)               ; 0 (0)                     ; 0           ; 0          ; 0            ; 0       ; 0         ; 0    ; 0            ; 0          ; |Ula_simplificada|divisor:div|subtrator_4bits:sub3|subtrator_1bit:subtrator4 ; subtrator_1bit        ; work         ;
;    |flagERRO:fe|                       ; 1 (1)               ; 0 (0)                     ; 0           ; 0          ; 0            ; 0       ; 0         ; 0    ; 0            ; 0          ; |Ula_simplificada|flagERRO:fe                                                ; flagERRO              ; work         ;
;    |flagoverflow:ovf|                  ; 3 (3)               ; 0 (0)                     ; 0           ; 0          ; 0            ; 0       ; 0         ; 0    ; 0            ; 0          ; |Ula_simplificada|flagoverflow:ovf                                           ; flagoverflow          ; work         ;
;    |multiplexador_8bits:mux_principal| ; 31 (0)              ; 0 (0)                     ; 0           ; 0          ; 0            ; 0       ; 0         ; 0    ; 0            ; 0          ; |Ula_simplificada|multiplexador_8bits:mux_principal                          ; multiplexador_8bits   ; work         ;
;       |multiplexador_1bit:mux0|        ; 5 (5)               ; 0 (0)                     ; 0           ; 0          ; 0            ; 0       ; 0         ; 0    ; 0            ; 0          ; |Ula_simplificada|multiplexador_8bits:mux_principal|multiplexador_1bit:mux0  ; multiplexador_1bit    ; work         ;
;       |multiplexador_1bit:mux1|        ; 6 (6)               ; 0 (0)                     ; 0           ; 0          ; 0            ; 0       ; 0         ; 0    ; 0            ; 0          ; |Ula_simplificada|multiplexador_8bits:mux_principal|multiplexador_1bit:mux1  ; multiplexador_1bit    ; work         ;
;       |multiplexador_1bit:mux2|        ; 4 (4)               ; 0 (0)                     ; 0           ; 0          ; 0            ; 0       ; 0         ; 0    ; 0            ; 0          ; |Ula_simplificada|multiplexador_8bits:mux_principal|multiplexador_1bit:mux2  ; multiplexador_1bit    ; work         ;
;       |multiplexador_1bit:mux3|        ; 5 (5)               ; 0 (0)                     ; 0           ; 0          ; 0            ; 0       ; 0         ; 0    ; 0            ; 0          ; |Ula_simplificada|multiplexador_8bits:mux_principal|multiplexador_1bit:mux3  ; multiplexador_1bit    ; work         ;
;       |multiplexador_1bit:mux4|        ; 5 (5)               ; 0 (0)                     ; 0           ; 0          ; 0            ; 0       ; 0         ; 0    ; 0            ; 0          ; |Ula_simplificada|multiplexador_8bits:mux_principal|multiplexador_1bit:mux4  ; multiplexador_1bit    ; work         ;
;       |multiplexador_1bit:mux5|        ; 2 (2)               ; 0 (0)                     ; 0           ; 0          ; 0            ; 0       ; 0         ; 0    ; 0            ; 0          ; |Ula_simplificada|multiplexador_8bits:mux_principal|multiplexador_1bit:mux5  ; multiplexador_1bit    ; work         ;
;       |multiplexador_1bit:mux6|        ; 1 (1)               ; 0 (0)                     ; 0           ; 0          ; 0            ; 0       ; 0         ; 0    ; 0            ; 0          ; |Ula_simplificada|multiplexador_8bits:mux_principal|multiplexador_1bit:mux6  ; multiplexador_1bit    ; work         ;
;       |multiplexador_1bit:mux7|        ; 3 (3)               ; 0 (0)                     ; 0           ; 0          ; 0            ; 0       ; 0         ; 0    ; 0            ; 0          ; |Ula_simplificada|multiplexador_8bits:mux_principal|multiplexador_1bit:mux7  ; multiplexador_1bit    ; work         ;
;    |multiplicador_4bits:mult|          ; 28 (13)             ; 0 (0)                     ; 0           ; 0          ; 0            ; 0       ; 0         ; 0    ; 0            ; 0          ; |Ula_simplificada|multiplicador_4bits:mult                                   ; multiplicador_4bits   ; work         ;
;       |somador_1bit:S1|                ; 2 (2)               ; 0 (0)                     ; 0           ; 0          ; 0            ; 0       ; 0         ; 0    ; 0            ; 0          ; |Ula_simplificada|multiplicador_4bits:mult|somador_1bit:S1                   ; somador_1bit          ; work         ;
;       |somador_1bit:S2a|               ; 2 (2)               ; 0 (0)                     ; 0           ; 0          ; 0            ; 0       ; 0         ; 0    ; 0            ; 0          ; |Ula_simplificada|multiplicador_4bits:mult|somador_1bit:S2a                  ; somador_1bit          ; work         ;
;       |somador_1bit:S2b|               ; 2 (2)               ; 0 (0)                     ; 0           ; 0          ; 0            ; 0       ; 0         ; 0    ; 0            ; 0          ; |Ula_simplificada|multiplicador_4bits:mult|somador_1bit:S2b                  ; somador_1bit          ; work         ;
;       |somador_1bit:S3a|               ; 2 (2)               ; 0 (0)                     ; 0           ; 0          ; 0            ; 0       ; 0         ; 0    ; 0            ; 0          ; |Ula_simplificada|multiplicador_4bits:mult|somador_1bit:S3a                  ; somador_1bit          ; work         ;
;       |somador_1bit:S3c|               ; 1 (1)               ; 0 (0)                     ; 0           ; 0          ; 0            ; 0       ; 0         ; 0    ; 0            ; 0          ; |Ula_simplificada|multiplicador_4bits:mult|somador_1bit:S3c                  ; somador_1bit          ; work         ;
;       |somador_1bit:S4a|               ; 1 (1)               ; 0 (0)                     ; 0           ; 0          ; 0            ; 0       ; 0         ; 0    ; 0            ; 0          ; |Ula_simplificada|multiplicador_4bits:mult|somador_1bit:S4a                  ; somador_1bit          ; work         ;
;       |somador_1bit:S4b|               ; 2 (2)               ; 0 (0)                     ; 0           ; 0          ; 0            ; 0       ; 0         ; 0    ; 0            ; 0          ; |Ula_simplificada|multiplicador_4bits:mult|somador_1bit:S4b                  ; somador_1bit          ; work         ;
;       |somador_1bit:S5a|               ; 2 (2)               ; 0 (0)                     ; 0           ; 0          ; 0            ; 0       ; 0         ; 0    ; 0            ; 0          ; |Ula_simplificada|multiplicador_4bits:mult|somador_1bit:S5a                  ; somador_1bit          ; work         ;
;       |somador_1bit:S6a|               ; 1 (1)               ; 0 (0)                     ; 0           ; 0          ; 0            ; 0       ; 0         ; 0    ; 0            ; 0          ; |Ula_simplificada|multiplicador_4bits:mult|somador_1bit:S6a                  ; somador_1bit          ; work         ;
;    |muxflag:mf|                        ; 18 (18)             ; 0 (0)                     ; 0           ; 0          ; 0            ; 0       ; 0         ; 0    ; 0            ; 0          ; |Ula_simplificada|muxflag:mf                                                 ; muxflag               ; work         ;
;    |somador_4bits:soma|                ; 5 (0)               ; 0 (0)                     ; 0           ; 0          ; 0            ; 0       ; 0         ; 0    ; 0            ; 0          ; |Ula_simplificada|somador_4bits:soma                                         ; somador_4bits         ; work         ;
;       |somador_1bit:somador1|          ; 2 (2)               ; 0 (0)                     ; 0           ; 0          ; 0            ; 0       ; 0         ; 0    ; 0            ; 0          ; |Ula_simplificada|somador_4bits:soma|somador_1bit:somador1                   ; somador_1bit          ; work         ;
;       |somador_1bit:somador2|          ; 1 (1)               ; 0 (0)                     ; 0           ; 0          ; 0            ; 0       ; 0         ; 0    ; 0            ; 0          ; |Ula_simplificada|somador_4bits:soma|somador_1bit:somador2                   ; somador_1bit          ; work         ;
;       |somador_1bit:somador3|          ; 2 (2)               ; 0 (0)                     ; 0           ; 0          ; 0            ; 0       ; 0         ; 0    ; 0            ; 0          ; |Ula_simplificada|somador_4bits:soma|somador_1bit:somador3                   ; somador_1bit          ; work         ;
;    |subtrator_4bits:sub|               ; 5 (0)               ; 0 (0)                     ; 0           ; 0          ; 0            ; 0       ; 0         ; 0    ; 0            ; 0          ; |Ula_simplificada|subtrator_4bits:sub                                        ; subtrator_4bits       ; work         ;
;       |subtrator_1bit:subtrator1|      ; 1 (1)               ; 0 (0)                     ; 0           ; 0          ; 0            ; 0       ; 0         ; 0    ; 0            ; 0          ; |Ula_simplificada|subtrator_4bits:sub|subtrator_1bit:subtrator1              ; subtrator_1bit        ; work         ;
;       |subtrator_1bit:subtrator2|      ; 1 (1)               ; 0 (0)                     ; 0           ; 0          ; 0            ; 0       ; 0         ; 0    ; 0            ; 0          ; |Ula_simplificada|subtrator_4bits:sub|subtrator_1bit:subtrator2              ; subtrator_1bit        ; work         ;
;       |subtrator_1bit:subtrator3|      ; 2 (2)               ; 0 (0)                     ; 0           ; 0          ; 0            ; 0       ; 0         ; 0    ; 0            ; 0          ; |Ula_simplificada|subtrator_4bits:sub|subtrator_1bit:subtrator3              ; subtrator_1bit        ; work         ;
;       |subtrator_1bit:subtrator4|      ; 1 (1)               ; 0 (0)                     ; 0           ; 0          ; 0            ; 0       ; 0         ; 0    ; 0            ; 0          ; |Ula_simplificada|subtrator_4bits:sub|subtrator_1bit:subtrator4              ; subtrator_1bit        ; work         ;
+----------------------------------------+---------------------+---------------------------+-------------+------------+--------------+---------+-----------+------+--------------+------------+------------------------------------------------------------------------------+-----------------------+--------------+
Note: For table entries with two numbers listed, the numbers in parentheses indicate the number of resources of the given type used by the specific entity alone. The numbers listed outside of parentheses indicate the total resources of the given type used by the specific entity and all of its sub-entities in the hierarchy.


+------------------------------------------------------+
; General Register Statistics                          ;
+----------------------------------------------+-------+
; Statistic                                    ; Value ;
+----------------------------------------------+-------+
; Total registers                              ; 0     ;
; Number of registers using Synchronous Clear  ; 0     ;
; Number of registers using Synchronous Load   ; 0     ;
; Number of registers using Asynchronous Clear ; 0     ;
; Number of registers using Asynchronous Load  ; 0     ;
; Number of registers using Clock Enable       ; 0     ;
; Number of registers using Preset             ; 0     ;
+----------------------------------------------+-------+


+----------------------------------------------------------------------------------------------------------------+
; Port Connectivity Checks: "flagERRO:fe"                                                                        ;
+------+--------+----------+-------------------------------------------------------------------------------------+
; Port ; Type   ; Severity ; Details                                                                             ;
+------+--------+----------+-------------------------------------------------------------------------------------+
; Q0   ; Output ; Info     ; Connected to dangling logic. Logic that only feeds a dangling port will be removed. ;
; Q1   ; Output ; Info     ; Connected to dangling logic. Logic that only feeds a dangling port will be removed. ;
; Q2   ; Output ; Info     ; Connected to dangling logic. Logic that only feeds a dangling port will be removed. ;
; Q3   ; Output ; Info     ; Connected to dangling logic. Logic that only feeds a dangling port will be removed. ;
+------+--------+----------+-------------------------------------------------------------------------------------+


+---------------------------------------------------------------------------------------+
; Port Connectivity Checks: "multiplexador_8bits:mux_principal|multiplexador_1bit:mux7" ;
+------+-------+----------+-------------------------------------------------------------+
; Port ; Type  ; Severity ; Details                                                     ;
+------+-------+----------+-------------------------------------------------------------+
; S    ; Input ; Info     ; Stuck at GND                                                ;
; Dif  ; Input ; Info     ; Stuck at GND                                                ;
; Q    ; Input ; Info     ; Stuck at GND                                                ;
; And  ; Input ; Info     ; Stuck at GND                                                ;
; Or   ; Input ; Info     ; Stuck at GND                                                ;
; Xor  ; Input ; Info     ; Stuck at GND                                                ;
+------+-------+----------+-------------------------------------------------------------+


+---------------------------------------------------------------------------------------+
; Port Connectivity Checks: "multiplexador_8bits:mux_principal|multiplexador_1bit:mux6" ;
+------+-------+----------+-------------------------------------------------------------+
; Port ; Type  ; Severity ; Details                                                     ;
+------+-------+----------+-------------------------------------------------------------+
; S    ; Input ; Info     ; Stuck at GND                                                ;
; Dif  ; Input ; Info     ; Stuck at GND                                                ;
; Q    ; Input ; Info     ; Stuck at GND                                                ;
; And  ; Input ; Info     ; Stuck at GND                                                ;
; Or   ; Input ; Info     ; Stuck at GND                                                ;
; Xor  ; Input ; Info     ; Stuck at GND                                                ;
+------+-------+----------+-------------------------------------------------------------+


+---------------------------------------------------------------------------------------+
; Port Connectivity Checks: "multiplexador_8bits:mux_principal|multiplexador_1bit:mux5" ;
+------+-------+----------+-------------------------------------------------------------+
; Port ; Type  ; Severity ; Details                                                     ;
+------+-------+----------+-------------------------------------------------------------+
; S    ; Input ; Info     ; Stuck at GND                                                ;
; Dif  ; Input ; Info     ; Stuck at GND                                                ;
; Q    ; Input ; Info     ; Stuck at GND                                                ;
; And  ; Input ; Info     ; Stuck at GND                                                ;
; Or   ; Input ; Info     ; Stuck at GND                                                ;
; Xor  ; Input ; Info     ; Stuck at GND                                                ;
+------+-------+----------+-------------------------------------------------------------+


+---------------------------------------------------------------------------------------+
; Port Connectivity Checks: "multiplexador_8bits:mux_principal|multiplexador_1bit:mux4" ;
+------+-------+----------+-------------------------------------------------------------+
; Port ; Type  ; Severity ; Details                                                     ;
+------+-------+----------+-------------------------------------------------------------+
; Q    ; Input ; Info     ; Stuck at GND                                                ;
; And  ; Input ; Info     ; Stuck at GND                                                ;
; Or   ; Input ; Info     ; Stuck at GND                                                ;
; Xor  ; Input ; Info     ; Stuck at GND                                                ;
+------+-------+----------+-------------------------------------------------------------+


+--------------------------------------------------------------+
; Port Connectivity Checks: "divisor:div|subtrator_4bits:sub3" ;
+------+-------+----------+------------------------------------+
; Port ; Type  ; Severity ; Details                            ;
+------+-------+----------+------------------------------------+
; Bin  ; Input ; Info     ; Stuck at GND                       ;
+------+-------+----------+------------------------------------+


+--------------------------------------------------------------------------------------------------------------------+
; Port Connectivity Checks: "divisor:div|mux_4bits_divisor:mux2"                                                     ;
+----------+--------+----------+-------------------------------------------------------------------------------------+
; Port     ; Type   ; Severity ; Details                                                                             ;
+----------+--------+----------+-------------------------------------------------------------------------------------+
; novo_rp3 ; Output ; Info     ; Connected to dangling logic. Logic that only feeds a dangling port will be removed. ;
+----------+--------+----------+-------------------------------------------------------------------------------------+


+--------------------------------------------------------------+
; Port Connectivity Checks: "divisor:div|subtrator_4bits:sub2" ;
+------+-------+----------+------------------------------------+
; Port ; Type  ; Severity ; Details                            ;
+------+-------+----------+------------------------------------+
; Bin  ; Input ; Info     ; Stuck at GND                       ;
+------+-------+----------+------------------------------------+


+--------------------------------------------------------------------------------------------------------------------+
; Port Connectivity Checks: "divisor:div|mux_4bits_divisor:mux1"                                                     ;
+----------+--------+----------+-------------------------------------------------------------------------------------+
; Port     ; Type   ; Severity ; Details                                                                             ;
+----------+--------+----------+-------------------------------------------------------------------------------------+
; novo_rp3 ; Output ; Info     ; Connected to dangling logic. Logic that only feeds a dangling port will be removed. ;
+----------+--------+----------+-------------------------------------------------------------------------------------+


+--------------------------------------------------------------+
; Port Connectivity Checks: "divisor:div|subtrator_4bits:sub1" ;
+------+-------+----------+------------------------------------+
; Port ; Type  ; Severity ; Details                            ;
+------+-------+----------+------------------------------------+
; Bin  ; Input ; Info     ; Stuck at GND                       ;
+------+-------+----------+------------------------------------+


+----------------------------------------------------------------------------------------------------------------------+
; Port Connectivity Checks: "divisor:div|mux_4bits_divisor:mux_inicio"                                                 ;
+------------+--------+----------+-------------------------------------------------------------------------------------+
; Port       ; Type   ; Severity ; Details                                                                             ;
+------------+--------+----------+-------------------------------------------------------------------------------------+
; antigo_rp1 ; Input  ; Info     ; Stuck at GND                                                                        ;
; antigo_rp2 ; Input  ; Info     ; Stuck at GND                                                                        ;
; antigo_rp3 ; Input  ; Info     ; Stuck at GND                                                                        ;
; novo_rp3   ; Output ; Info     ; Connected to dangling logic. Logic that only feeds a dangling port will be removed. ;
+------------+--------+----------+-------------------------------------------------------------------------------------+


+--------------------------------------------------------------+
; Port Connectivity Checks: "divisor:div|subtrator_4bits:sub0" ;
+------+-------+----------+------------------------------------+
; Port ; Type  ; Severity ; Details                            ;
+------+-------+----------+------------------------------------+
; A1   ; Input ; Info     ; Stuck at GND                       ;
; A2   ; Input ; Info     ; Stuck at GND                       ;
; A3   ; Input ; Info     ; Stuck at GND                       ;
; Bin  ; Input ; Info     ; Stuck at GND                       ;
+------+-------+----------+------------------------------------+


+-------------------------------------------------------------------------------------------------------------------------------------+
; Port Connectivity Checks: "divisor:div"                                                                                             ;
+------+--------+----------+----------------------------------------------------------------------------------------------------------+
; Port ; Type   ; Severity ; Details                                                                                                  ;
+------+--------+----------+----------------------------------------------------------------------------------------------------------+
; RES0 ; Output ; Warning  ; Declared by entity but not connected by instance. Logic that only feeds a dangling port will be removed. ;
; RES1 ; Output ; Warning  ; Declared by entity but not connected by instance. Logic that only feeds a dangling port will be removed. ;
; RES2 ; Output ; Warning  ; Declared by entity but not connected by instance. Logic that only feeds a dangling port will be removed. ;
; RES3 ; Output ; Warning  ; Declared by entity but not connected by instance. Logic that only feeds a dangling port will be removed. ;
+------+--------+----------+----------------------------------------------------------------------------------------------------------+


+-----------------------------------------------------------------------------------------------------------------------------------------------------------------------------------------------------------------+
; Port Connectivity Checks: "multiplicador_4bits:mult|somador_1bit:S6a"                                                                                                                                           ;
+---------+-------+----------+------------------------------------------------------------------------------------------------------------------------------------------------------------------------------------+
; Port    ; Type  ; Severity ; Details                                                                                                                                                                            ;
+---------+-------+----------+------------------------------------------------------------------------------------------------------------------------------------------------------------------------------------+
; Cin     ; Input ; Warning  ; Input port expression (32 bits) is wider than the input port (1 bits) it drives.  The 31 most-significant bit(s) in the expression will be dangling if they have no other fanouts. ;
; Cin[-1] ; Input ; Info     ; Stuck at GND                                                                                                                                                                       ;
+---------+-------+----------+------------------------------------------------------------------------------------------------------------------------------------------------------------------------------------+


+-----------------------------------------------------------------------------------------------------------------------------------------------------------------------------------------------------------------+
; Port Connectivity Checks: "multiplicador_4bits:mult|somador_1bit:S4b"                                                                                                                                           ;
+---------+-------+----------+------------------------------------------------------------------------------------------------------------------------------------------------------------------------------------+
; Port    ; Type  ; Severity ; Details                                                                                                                                                                            ;
+---------+-------+----------+------------------------------------------------------------------------------------------------------------------------------------------------------------------------------------+
; Cin     ; Input ; Warning  ; Input port expression (32 bits) is wider than the input port (1 bits) it drives.  The 31 most-significant bit(s) in the expression will be dangling if they have no other fanouts. ;
; Cin[-1] ; Input ; Info     ; Stuck at GND                                                                                                                                                                       ;
+---------+-------+----------+------------------------------------------------------------------------------------------------------------------------------------------------------------------------------------+


+-----------------------------------------------------------------------------------------------------------------------------------------------------------------------------------------------------------------+
; Port Connectivity Checks: "multiplicador_4bits:mult|somador_1bit:S3c"                                                                                                                                           ;
+---------+-------+----------+------------------------------------------------------------------------------------------------------------------------------------------------------------------------------------+
; Port    ; Type  ; Severity ; Details                                                                                                                                                                            ;
+---------+-------+----------+------------------------------------------------------------------------------------------------------------------------------------------------------------------------------------+
; Cin     ; Input ; Warning  ; Input port expression (32 bits) is wider than the input port (1 bits) it drives.  The 31 most-significant bit(s) in the expression will be dangling if they have no other fanouts. ;
; Cin[-1] ; Input ; Info     ; Stuck at GND                                                                                                                                                                       ;
+---------+-------+----------+------------------------------------------------------------------------------------------------------------------------------------------------------------------------------------+


+-----------------------------------------------------------------------------------------------------------------------------------------------------------------------------------------------------------------+
; Port Connectivity Checks: "multiplicador_4bits:mult|somador_1bit:S3b"                                                                                                                                           ;
+---------+-------+----------+------------------------------------------------------------------------------------------------------------------------------------------------------------------------------------+
; Port    ; Type  ; Severity ; Details                                                                                                                                                                            ;
+---------+-------+----------+------------------------------------------------------------------------------------------------------------------------------------------------------------------------------------+
; Cin     ; Input ; Warning  ; Input port expression (32 bits) is wider than the input port (1 bits) it drives.  The 31 most-significant bit(s) in the expression will be dangling if they have no other fanouts. ;
; Cin[-1] ; Input ; Info     ; Stuck at GND                                                                                                                                                                       ;
+---------+-------+----------+------------------------------------------------------------------------------------------------------------------------------------------------------------------------------------+


+-----------------------------------------------------------------------------------------------------------------------------------------------------------------------------------------------------------------+
; Port Connectivity Checks: "multiplicador_4bits:mult|somador_1bit:S2b"                                                                                                                                           ;
+---------+-------+----------+------------------------------------------------------------------------------------------------------------------------------------------------------------------------------------+
; Port    ; Type  ; Severity ; Details                                                                                                                                                                            ;
+---------+-------+----------+------------------------------------------------------------------------------------------------------------------------------------------------------------------------------------+
; Cin     ; Input ; Warning  ; Input port expression (32 bits) is wider than the input port (1 bits) it drives.  The 31 most-significant bit(s) in the expression will be dangling if they have no other fanouts. ;
; Cin[-1] ; Input ; Info     ; Stuck at GND                                                                                                                                                                       ;
+---------+-------+----------+------------------------------------------------------------------------------------------------------------------------------------------------------------------------------------+


+----------------------------------------------------------------------+
; Port Connectivity Checks: "multiplicador_4bits:mult|somador_1bit:S1" ;
+------+-------+----------+--------------------------------------------+
; Port ; Type  ; Severity ; Details                                    ;
+------+-------+----------+--------------------------------------------+
; Cin  ; Input ; Info     ; Stuck at GND                               ;
+------+-------+----------+--------------------------------------------+


+-----------------------------------------------------+
; Post-Synthesis Netlist Statistics for Top Partition ;
+-----------------------+-----------------------------+
; Type                  ; Count                       ;
+-----------------------+-----------------------------+
; boundary_port         ; 36                          ;
; cycloneiii_lcell_comb ; 239                         ;
;     normal            ; 239                         ;
;         2 data inputs ; 26                          ;
;         3 data inputs ; 40                          ;
;         4 data inputs ; 173                         ;
;                       ;                             ;
; Max LUT depth         ; 13.00                       ;
; Average LUT depth     ; 11.00                       ;
+-----------------------+-----------------------------+


+-------------------------------+
; Elapsed Time Per Partition    ;
+----------------+--------------+
; Partition Name ; Elapsed Time ;
+----------------+--------------+
; Top            ; 00:00:01     ;
+----------------+--------------+


+-------------------------------+
; Analysis & Synthesis Messages ;
+-------------------------------+
Info: *******************************************************************
Info: Running Quartus Prime Analysis & Synthesis
    Info: Version 24.1std.0 Build 1077 03/04/2025 SC Lite Edition
    Info: Processing started: Sat Sep 27 05:09:18 2025
Info: Command: quartus_map --read_settings_files=on --write_settings_files=off ULA -c ULA
Warning (18236): Number of processors has not been specified which may cause overloading on shared machines.  Set the global assignment NUM_PARALLEL_PROCESSORS in your QSF to an appropriate value for best performance.
Info (20030): Parallel compilation is enabled and will use 12 of the 12 processors detected
Info (12021): Found 1 design units, including 1 entities, in source file somador_1bit.v
    Info (12023): Found entity 1: somador_1bit File: C:/Users/lucas/Downloads/ULA PBL/somador_1bit.v Line: 1
Info (12021): Found 1 design units, including 1 entities, in source file somador_4bits.v
    Info (12023): Found entity 1: somador_4bits File: C:/Users/lucas/Downloads/ULA PBL/somador_4bits.v Line: 1
Info (12021): Found 1 design units, including 1 entities, in source file subtrator_1bit.v
    Info (12023): Found entity 1: subtrator_1bit File: C:/Users/lucas/Downloads/ULA PBL/subtrator_1bit.v Line: 1
Info (12021): Found 1 design units, including 1 entities, in source file subtrator_4bits.v
    Info (12023): Found entity 1: subtrator_4bits File: C:/Users/lucas/Downloads/ULA PBL/subtrator_4bits.v Line: 1
Info (12021): Found 1 design units, including 1 entities, in source file portaand.v
    Info (12023): Found entity 1: PortaAnd File: C:/Users/lucas/Downloads/ULA PBL/PortaAnd.v Line: 1
Info (12021): Found 1 design units, including 1 entities, in source file and_4bits.v
    Info (12023): Found entity 1: AND_4bits File: C:/Users/lucas/Downloads/ULA PBL/AND_4bits.v Line: 1
Info (12021): Found 1 design units, including 1 entities, in source file portaor.v
    Info (12023): Found entity 1: PortaOR File: C:/Users/lucas/Downloads/ULA PBL/PortaOR.v Line: 1
Info (12021): Found 1 design units, including 1 entities, in source file or_4bits.v
    Info (12023): Found entity 1: OR_4bits File: C:/Users/lucas/Downloads/ULA PBL/OR_4bits.v Line: 1
Info (12021): Found 1 design units, including 1 entities, in source file portaxor.v
    Info (12023): Found entity 1: PortaXOR File: C:/Users/lucas/Downloads/ULA PBL/PortaXOR.v Line: 1
Info (12021): Found 1 design units, including 1 entities, in source file xor_4bits.v
    Info (12023): Found entity 1: XOR_4bits File: C:/Users/lucas/Downloads/ULA PBL/XOR_4bits.v Line: 1
Info (12021): Found 1 design units, including 1 entities, in source file multiplicador_4bits.v
    Info (12023): Found entity 1: multiplicador_4bits File: C:/Users/lucas/Downloads/ULA PBL/multiplicador_4bits.v Line: 1
Info (12021): Found 1 design units, including 1 entities, in source file multiplexador_1bit.v
    Info (12023): Found entity 1: multiplexador_1bit File: C:/Users/lucas/Downloads/ULA PBL/multiplexador_1bit.v Line: 1
Info (12021): Found 1 design units, including 1 entities, in source file multiplexador_8bits.v
    Info (12023): Found entity 1: multiplexador_8bits File: C:/Users/lucas/Downloads/ULA PBL/multiplexador_8bits.v Line: 1
Info (12021): Found 1 design units, including 1 entities, in source file decodificador_display.v
    Info (12023): Found entity 1: decodificador_display File: C:/Users/lucas/Downloads/ULA PBL/decodificador_display.v Line: 1
Info (12021): Found 1 design units, including 1 entities, in source file mux_4bits_divisor.v
    Info (12023): Found entity 1: mux_4bits_divisor File: C:/Users/lucas/Downloads/ULA PBL/mux_4bits_divisor.v Line: 1
Info (12021): Found 1 design units, including 1 entities, in source file divisor.v
    Info (12023): Found entity 1: divisor File: C:/Users/lucas/Downloads/ULA PBL/divisor.v Line: 1
Info (12021): Found 1 design units, including 1 entities, in source file ula_simplificada.v
    Info (12023): Found entity 1: Ula_simplificada File: C:/Users/lucas/Downloads/ULA PBL/Ula_simplificada.v Line: 1
Info (12021): Found 1 design units, including 1 entities, in source file flagzero.v
    Info (12023): Found entity 1: flagzero File: C:/Users/lucas/Downloads/ULA PBL/flagzero.v Line: 1
Info (12021): Found 1 design units, including 1 entities, in source file flagerro.v
    Info (12023): Found entity 1: flagERRO File: C:/Users/lucas/Downloads/ULA PBL/flagERRO.v Line: 1
Info (12021): Found 1 design units, including 1 entities, in source file muxflag.v
    Info (12023): Found entity 1: muxflag File: C:/Users/lucas/Downloads/ULA PBL/muxflag.v Line: 1
Info (12021): Found 1 design units, including 1 entities, in source file flagoverflow.v
    Info (12023): Found entity 1: flagoverflow File: C:/Users/lucas/Downloads/ULA PBL/flagoverflow.v Line: 1
Warning (10236): Verilog HDL Implicit Net warning at Ula_simplificada.v(93): created implicit net for "P_p05" File: C:/Users/lucas/Downloads/ULA PBL/Ula_simplificada.v Line: 93
Warning (10236): Verilog HDL Implicit Net warning at Ula_simplificada.v(95): created implicit net for "ZEROflag" File: C:/Users/lucas/Downloads/ULA PBL/Ula_simplificada.v Line: 95
Warning (10236): Verilog HDL Implicit Net warning at Ula_simplificada.v(101): created implicit net for "Q0" File: C:/Users/lucas/Downloads/ULA PBL/Ula_simplificada.v Line: 101
Warning (10236): Verilog HDL Implicit Net warning at Ula_simplificada.v(101): created implicit net for "Q1" File: C:/Users/lucas/Downloads/ULA PBL/Ula_simplificada.v Line: 101
Warning (10236): Verilog HDL Implicit Net warning at Ula_simplificada.v(101): created implicit net for "Q2" File: C:/Users/lucas/Downloads/ULA PBL/Ula_simplificada.v Line: 101
Warning (10236): Verilog HDL Implicit Net warning at Ula_simplificada.v(101): created implicit net for "Q3" File: C:/Users/lucas/Downloads/ULA PBL/Ula_simplificada.v Line: 101
Warning (10236): Verilog HDL Implicit Net warning at Ula_simplificada.v(103): created implicit net for "ERRflag" File: C:/Users/lucas/Downloads/ULA PBL/Ula_simplificada.v Line: 103
Warning (10236): Verilog HDL Implicit Net warning at Ula_simplificada.v(110): created implicit net for "OVflag" File: C:/Users/lucas/Downloads/ULA PBL/Ula_simplificada.v Line: 110
Info (12127): Elaborating entity "Ula_simplificada" for the top level hierarchy
Info (12128): Elaborating entity "somador_4bits" for hierarchy "somador_4bits:soma" File: C:/Users/lucas/Downloads/ULA PBL/Ula_simplificada.v Line: 25
Info (12128): Elaborating entity "somador_1bit" for hierarchy "somador_4bits:soma|somador_1bit:somador1" File: C:/Users/lucas/Downloads/ULA PBL/somador_4bits.v Line: 12
Info (12128): Elaborating entity "subtrator_4bits" for hierarchy "subtrator_4bits:sub" File: C:/Users/lucas/Downloads/ULA PBL/Ula_simplificada.v Line: 33
Info (12128): Elaborating entity "subtrator_1bit" for hierarchy "subtrator_4bits:sub|subtrator_1bit:subtrator1" File: C:/Users/lucas/Downloads/ULA PBL/subtrator_4bits.v Line: 12
Info (12128): Elaborating entity "multiplicador_4bits" for hierarchy "multiplicador_4bits:mult" File: C:/Users/lucas/Downloads/ULA PBL/Ula_simplificada.v Line: 39
Info (12128): Elaborating entity "AND_4bits" for hierarchy "AND_4bits:porta_and" File: C:/Users/lucas/Downloads/ULA PBL/Ula_simplificada.v Line: 45
Info (12128): Elaborating entity "PortaAnd" for hierarchy "AND_4bits:porta_and|PortaAnd:And1" File: C:/Users/lucas/Downloads/ULA PBL/AND_4bits.v Line: 9
Info (12128): Elaborating entity "OR_4bits" for hierarchy "OR_4bits:porta_or" File: C:/Users/lucas/Downloads/ULA PBL/Ula_simplificada.v Line: 51
Info (12128): Elaborating entity "PortaOR" for hierarchy "OR_4bits:porta_or|PortaOR:Or1" File: C:/Users/lucas/Downloads/ULA PBL/OR_4bits.v Line: 9
Info (12128): Elaborating entity "XOR_4bits" for hierarchy "XOR_4bits:porta_xor" File: C:/Users/lucas/Downloads/ULA PBL/Ula_simplificada.v Line: 57
Info (12128): Elaborating entity "PortaXOR" for hierarchy "XOR_4bits:porta_xor|PortaXOR:Xor1" File: C:/Users/lucas/Downloads/ULA PBL/XOR_4bits.v Line: 9
Info (12128): Elaborating entity "divisor" for hierarchy "divisor:div" File: C:/Users/lucas/Downloads/ULA PBL/Ula_simplificada.v Line: 63
Info (12128): Elaborating entity "mux_4bits_divisor" for hierarchy "divisor:div|mux_4bits_divisor:mux_inicio" File: C:/Users/lucas/Downloads/ULA PBL/divisor.v Line: 40
Info (12128): Elaborating entity "multiplexador_8bits" for hierarchy "multiplexador_8bits:mux_principal" File: C:/Users/lucas/Downloads/ULA PBL/Ula_simplificada.v Line: 75
Info (12128): Elaborating entity "multiplexador_1bit" for hierarchy "multiplexador_8bits:mux_principal|multiplexador_1bit:mux0" File: C:/Users/lucas/Downloads/ULA PBL/multiplexador_8bits.v Line: 25
Info (12128): Elaborating entity "decodificador_display" for hierarchy "decodificador_display:display" File: C:/Users/lucas/Downloads/ULA PBL/Ula_simplificada.v Line: 84
Info (12128): Elaborating entity "flagzero" for hierarchy "flagzero:fz" File: C:/Users/lucas/Downloads/ULA PBL/Ula_simplificada.v Line: 96
Info (12128): Elaborating entity "flagERRO" for hierarchy "flagERRO:fe" File: C:/Users/lucas/Downloads/ULA PBL/Ula_simplificada.v Line: 104
Warning (10034): Output port "Q0" at flagERRO.v(5) has no driver File: C:/Users/lucas/Downloads/ULA PBL/flagERRO.v Line: 5
Warning (10034): Output port "Q1" at flagERRO.v(5) has no driver File: C:/Users/lucas/Downloads/ULA PBL/flagERRO.v Line: 5
Warning (10034): Output port "Q2" at flagERRO.v(5) has no driver File: C:/Users/lucas/Downloads/ULA PBL/flagERRO.v Line: 5
Warning (10034): Output port "Q3" at flagERRO.v(6) has no driver File: C:/Users/lucas/Downloads/ULA PBL/flagERRO.v Line: 6
Info (12128): Elaborating entity "flagoverflow" for hierarchy "flagoverflow:ovf" File: C:/Users/lucas/Downloads/ULA PBL/Ula_simplificada.v Line: 111
Info (12128): Elaborating entity "muxflag" for hierarchy "muxflag:mf" File: C:/Users/lucas/Downloads/ULA PBL/Ula_simplificada.v Line: 115
Info (13014): Ignored 1 buffer(s)
    Info (13019): Ignored 1 SOFT buffer(s)
Warning (12241): 6 hierarchies have connectivity warnings - see the Connectivity Checks report folder
Info (286030): Timing-Driven Synthesis is running
Info (144001): Generated suppressed messages file C:/Users/lucas/Downloads/ULA PBL/output_files/ULA.map.smsg
Info (16010): Generating hard_block partition "hard_block:auto_generated_inst"
    Info (16011): Adding 0 node(s), including 0 DDIO, 0 PLL, 0 transceiver and 0 LCELL
Info (21057): Implemented 275 device resources after synthesis - the final resource count might be different
    Info (21058): Implemented 12 input pins
    Info (21059): Implemented 24 output pins
    Info (21061): Implemented 239 logic cells
Info: Quartus Prime Analysis & Synthesis was successful. 0 errors, 14 warnings
    Info: Peak virtual memory: 4801 megabytes
    Info: Processing ended: Sat Sep 27 05:09:28 2025
    Info: Elapsed time: 00:00:10
    Info: Total CPU time (on all processors): 00:00:20


+------------------------------------------+
; Analysis & Synthesis Suppressed Messages ;
+------------------------------------------+
The suppressed messages can be found in C:/Users/lucas/Downloads/ULA PBL/output_files/ULA.map.smsg.


